
> moneymind@1.0.0 test:ci C:\Users\mhdsh\Downloads\MoneyMind-v2.0-Final\MoneyMind-v2.0
> vitest --run


[1m[7m[36m RUN [39m[27m[22m [36mv2.1.9 [39m[90mC:/Users/mhdsh/Downloads/MoneyMind-v2.0-Final/MoneyMind-v2.0[39m

 [32mΓ£ô[39m src/lib/__tests__/transactionEffects.test.ts [2m([22m[2m3 tests[22m[2m)[22m[90m 24[2mms[22m[39m
 [32mΓ£ô[39m src/lib/__tests__/loanCalculations.test.ts [2m([22m[2m26 tests[22m[2m)[22m[90m 38[2mms[22m[39m
 [32mΓ£ô[39m src/lib/__tests__/calculations.test.ts [2m([22m[2m46 tests[22m[2m)[22m[90m 100[2mms[22m[39m

[31mΓÄ»ΓÄ»ΓÄ»ΓÄ»ΓÄ»ΓÄ»[1m[7m Unhandled Errors [27m[22mΓÄ»ΓÄ»ΓÄ»ΓÄ»ΓÄ»ΓÄ»[39m
[31m[1m
Vitest caught 1 unhandled error during the test run.
This might cause false positive tests. Resolve unhandled errors to make sure your tests are not affected.[22m[39m
[31mΓÄ»ΓÄ»ΓÄ»ΓÄ»ΓÄ»ΓÄ»ΓÄ»ΓÄ»ΓÄ»ΓÄ»ΓÄ»ΓÄ»ΓÄ»ΓÄ»ΓÄ»ΓÄ»ΓÄ»ΓÄ»ΓÄ»ΓÄ»ΓÄ»ΓÄ»ΓÄ»ΓÄ»ΓÄ»ΓÄ»ΓÄ»ΓÄ»ΓÄ»ΓÄ»[39m
[2m Test Files [22m [1m[32m3 passed[39m[22m[90m (4)[39m
[2m      Tests [22m [1m[32m75 passed[39m[22m[90m (78)[39m
[2m     Errors [22m [1m[31m1 error[39m[22m
[2m   Start at [22m 17:56:56
[2m   Duration [22m 584.55s[2m (transform 1.64s, setup 0ms, collect 6.61s, tests 162ms, environment 21.46s, prepare 2.51s)[22m

ΓÇëELIFECYCLEΓÇë Command failed with exit code 1.
